// Jest Snapshot v1, https://goo.gl/fbAQLP

exports[`Dashboard component isLoading set to false should render dashboard page correctly 1`] = `
<div
  className="mid-section-wrapper "
>
  <div
    className="ball-loading text-center"
  >
    Loading...
  </div>
</div>
`;

exports[`Dashboard component isLoading set to true should render dashboard page correctly 1`] = `
<div
  className="mid-section-wrapper "
>
  <div
    className="ball-loading text-center"
  >
    Loading...
  </div>
</div>
`;
